sssss
iiii
tsdst reset
ddddd
